// Jest Snapshot v1, https://goo.gl/fbAQLP

exports[`reshapeBadCourseTable should return correct course martix 1`] = `
Array [
  Array [
    undefined,
    undefined,
    undefined,
    undefined,
    undefined,
  ],
  Array [
    undefined,
    undefined,
    undefined,
    undefined,
    undefined,
  ],
  Array [
    undefined,
    undefined,
    undefined,
    undefined,
    undefined,
  ],
  Array [
    undefined,
    undefined,
    undefined,
    undefined,
    undefined,
  ],
  Array [
    undefined,
    undefined,
    undefined,
    undefined,
    undefined,
  ],
  Array [
    undefined,
    undefined,
    undefined,
    undefined,
    undefined,
  ],
  Array [
    undefined,
    undefined,
    undefined,
    undefined,
    undefined,
  ],
]
`;
